------------------------------------------------------------
Timing Analyzer Summary
------------------------------------------------------------

Type  : Slow 1100mV 85C Model Setup 'MIPI_PIXEL_CLK'
Slack : 11.872
TNS   : 0.000

Type  : Slow 1100mV 85C Model Setup 'CLOCK_50'
Slack : 14.701
TNS   : 0.000

Type  : Slow 1100mV 85C Model Hold 'MIPI_PIXEL_CLK'
Slack : 0.248
TNS   : 0.000

Type  : Slow 1100mV 85C Model Hold 'CLOCK_50'
Slack : 0.432
TNS   : 0.000

Type  : Slow 1100mV 85C Model Recovery 'MIPI_PIXEL_CLK'
Slack : 11.924
TNS   : 0.000

Type  : Slow 1100mV 85C Model Removal 'MIPI_PIXEL_CLK'
Slack : 0.747
TNS   : 0.000

Type  : Slow 1100mV 85C Model Minimum Pulse Width 'ref|pll_test_inst|altera_pll_i|general[0].gpll~FRACTIONAL_PLL|vcoph[0]'
Slack : 1.666
TNS   : 0.000

Type  : Slow 1100mV 85C Model Minimum Pulse Width 'CLOCK_50'
Slack : 8.790
TNS   : 0.000

Type  : Slow 1100mV 85C Model Minimum Pulse Width 'MIPI_PIXEL_CLK'
Slack : 18.708
TNS   : 0.000

Type  : Slow 1100mV 0C Model Setup 'MIPI_PIXEL_CLK'
Slack : 12.119
TNS   : 0.000

Type  : Slow 1100mV 0C Model Setup 'CLOCK_50'
Slack : 14.629
TNS   : 0.000

Type  : Slow 1100mV 0C Model Hold 'MIPI_PIXEL_CLK'
Slack : 0.262
TNS   : 0.000

Type  : Slow 1100mV 0C Model Hold 'CLOCK_50'
Slack : 0.439
TNS   : 0.000

Type  : Slow 1100mV 0C Model Recovery 'MIPI_PIXEL_CLK'
Slack : 12.314
TNS   : 0.000

Type  : Slow 1100mV 0C Model Removal 'MIPI_PIXEL_CLK'
Slack : 0.597
TNS   : 0.000

Type  : Slow 1100mV 0C Model Minimum Pulse Width 'ref|pll_test_inst|altera_pll_i|general[0].gpll~FRACTIONAL_PLL|vcoph[0]'
Slack : 1.666
TNS   : 0.000

Type  : Slow 1100mV 0C Model Minimum Pulse Width 'CLOCK_50'
Slack : 8.757
TNS   : 0.000

Type  : Slow 1100mV 0C Model Minimum Pulse Width 'MIPI_PIXEL_CLK'
Slack : 18.674
TNS   : 0.000

Type  : Fast 1100mV 85C Model Setup 'MIPI_PIXEL_CLK'
Slack : 13.996
TNS   : 0.000

Type  : Fast 1100mV 85C Model Setup 'CLOCK_50'
Slack : 16.674
TNS   : 0.000

Type  : Fast 1100mV 85C Model Hold 'MIPI_PIXEL_CLK'
Slack : 0.197
TNS   : 0.000

Type  : Fast 1100mV 85C Model Hold 'CLOCK_50'
Slack : 0.227
TNS   : 0.000

Type  : Fast 1100mV 85C Model Recovery 'MIPI_PIXEL_CLK'
Slack : 14.020
TNS   : 0.000

Type  : Fast 1100mV 85C Model Removal 'MIPI_PIXEL_CLK'
Slack : 0.928
TNS   : 0.000

Type  : Fast 1100mV 85C Model Minimum Pulse Width 'ref|pll_test_inst|altera_pll_i|general[0].gpll~FRACTIONAL_PLL|vcoph[0]'
Slack : 1.666
TNS   : 0.000

Type  : Fast 1100mV 85C Model Minimum Pulse Width 'CLOCK_50'
Slack : 8.699
TNS   : 0.000

Type  : Fast 1100mV 85C Model Minimum Pulse Width 'MIPI_PIXEL_CLK'
Slack : 18.254
TNS   : 0.000

Type  : Fast 1100mV 0C Model Setup 'MIPI_PIXEL_CLK'
Slack : 14.816
TNS   : 0.000

Type  : Fast 1100mV 0C Model Setup 'CLOCK_50'
Slack : 16.896
TNS   : 0.000

Type  : Fast 1100mV 0C Model Hold 'MIPI_PIXEL_CLK'
Slack : 0.157
TNS   : 0.000

Type  : Fast 1100mV 0C Model Hold 'CLOCK_50'
Slack : 0.219
TNS   : 0.000

Type  : Fast 1100mV 0C Model Recovery 'MIPI_PIXEL_CLK'
Slack : 14.883
TNS   : 0.000

Type  : Fast 1100mV 0C Model Removal 'MIPI_PIXEL_CLK'
Slack : 0.590
TNS   : 0.000

Type  : Fast 1100mV 0C Model Minimum Pulse Width 'ref|pll_test_inst|altera_pll_i|general[0].gpll~FRACTIONAL_PLL|vcoph[0]'
Slack : 1.666
TNS   : 0.000

Type  : Fast 1100mV 0C Model Minimum Pulse Width 'CLOCK_50'
Slack : 8.667
TNS   : 0.000

Type  : Fast 1100mV 0C Model Minimum Pulse Width 'MIPI_PIXEL_CLK'
Slack : 18.194
TNS   : 0.000

------------------------------------------------------------
